V3 3
FL "C:/Users/EMB-16/Documents/ntaps 3EBD4/laporan/New folder/HDL/Counterasik.vhd" 2019/10/24.09:15:35 P.20131013
EN work/Counterasik 0 \
      FL "C:/Users/EMB-16/Documents/ntaps 3EBD4/laporan/New folder/HDL/Counterasik.vhd" \
      PB ieee/std_logic_1164 1381692176 PB ieee/STD_LOGIC_UNSIGNED 1381692179
AR work/Counterasik/Behavioral 0 \
      FL "C:/Users/EMB-16/Documents/ntaps 3EBD4/laporan/New folder/HDL/Counterasik.vhd" \
      EN work/Counterasik 0
